// Jest Snapshot v1, https://goo.gl/fbAQLP

exports[`Should render Not Found Page correctly 1`] = `
<div>
  404 - 
  <Link
    to="/"
  >
    Go home
  </Link>
</div>
`;
